C51 COMPILER V9.00   音繽                                                                  11/05/2011 18:13:21 PAGE 1   


C51 COMPILER V9.00, COMPILATION OF MODULE 音繽
OBJECT MODULE PLACED IN 音乐.OBJ
COMPILER INVOKED BY: E:\安装软件\keil-51\C51\BIN\C51.EXE 音乐.c BROWSE DEBUG OBJECTEXTEND

line level    source

   1          
   2          /*****************************************************************************  
   3          *   编写时间： 2011.07.07
   4          *   作    者： 雁翎电子
   5          *       版    本： V1.0
   6          *   函数功能： 无源蜂鸣器测试-世上只有妈妈好                                                        
   7          *   使用说明： 
   8          ******************************************************************************/   
   9          #include <reg52.h>   
  10          #define uchar unsigned char 
  11          sbit      beep=P0^4;    //定义蜂鸣器输出端口
  12          uchar timer0h,timer0l,time;
  13          
  14                                   //世上只有妈妈好  数据表
  15          code uchar sszymmh[]={6,2,3,5,2,1,3,2,2,5,2,2,1,3,2,6,2,1,5,2,1,
  16                                6,2,4,3,2,2,5,2,1,6,2,1,5,2,2,3,2,2,1,2,1,
  17                                6,1,1,5,2,1,3,2,1,2,2,4,2,2,3,3,2,1,5,2,2,
  18                                5,2,1,6,2,1,3,2,2,2,2,2,1,2,4,5,2,3,3,2,1,
  19                                2,2,1,1,2,1,6,1,1,1,2,1,5,1,6,0,0,0 
  20                                                };
  21                                   // 音阶频率表 高八位
  22          code uchar FREQH[]={0xF2,0xF3,0xF5,0xF5,0xF6,0xF7,0xF8, 
  23                              0xF9,0xF9,0xFA,0xFA,0xFB,0xFB,0xFC,0xFC, //1,2,3,4,5,6,7,8,i
  24                              0xFC,0xFD,0xFD,0xFD,0xFD,0xFE,
  25                              0xFE,0xFE,0xFE,0xFE,0xFE,0xFE,0xFF,} ;
  26                                   // 音阶频率表 低八位
  27          code uchar FREQL[]={0x42,0xC1,0x17,0xB6,0xD0,0xD1,0xB6,
  28                              0x21,0xE1,0x8C,0xD8,0x68,0xE9,0x5B,0x8F, //1,2,3,4,5,6,7,8,i
  29                              0xEE,0x44, 0x6B,0xB4,0xF4,0x2D, 
  30                              0x47,0x77,0xA2,0xB6,0xDA,0xFA,0x16,};
  31          void delay(uchar t)               // 延时函数 
  32          {
  33   1              uchar t1;
  34   1              unsigned long t2;
  35   1              for(t1=0;t1<t;t1++)
  36   1              {
  37   2                      for(t2=0;t2<8000;t2++);
  38   2              }
  39   1              TR0=0;
  40   1      }
  41          void song()                              //  音乐处理函数
  42          {
  43   1              TH0=timer0h;
  44   1              TL0=timer0l;
  45   1              TR0=1;
  46   1              delay(time);                       
  47   1      }
  48          /******************************************************************
  49                                                  主函数                                      
  50          ******************************************************************/
  51          void main(void)
  52          {
  53   1              uchar k,i;
  54   1              TMOD=1;                         //置CT0定时工作方式1
  55   1              EA=1;
C51 COMPILER V9.00   音繽                                                                  11/05/2011 18:13:21 PAGE 2   

  56   1              ET0=1;                          //IE=0x82 //CPU开中断,CT0开中断 
  57   1              while(1)
  58   1              {
  59   2                      i=0;  
  60   2                      while(i<100)                              //音乐数组长度 ，唱完从头再来  
  61   2                      {              
  62   3                              k=sszymmh[i]+7*sszymmh[i+1]-1;
  63   3                              timer0h=FREQH[k];
  64   3                              timer0l=FREQL[k];
  65   3                              time=sszymmh[i+2];
  66   3                              i=i+3;
  67   3                              song();
  68   3                      }
  69   2              } 
  70   1      }
  71          void t0int() interrupt 1                //定时器中断函数
  72          {
  73   1              TR0=0;
  74   1              beep=!beep;
  75   1              TH0=timer0h;
  76   1              TL0=timer0l;
  77   1              TR0=1;
  78   1      }


MODULE INFORMATION:   STATIC OVERLAYABLE
   CODE SIZE        =    169    ----
   CONSTANT SIZE    =    158    ----
   XDATA SIZE       =   ----    ----
   PDATA SIZE       =   ----    ----
   DATA SIZE        =      3       8
   IDATA SIZE       =   ----    ----
   BIT SIZE         =   ----    ----
END OF MODULE INFORMATION.


C51 COMPILATION COMPLETE.  0 WARNING(S),  0 ERROR(S)
